HTTP/1.1 200 OK
(
    Date,
    Server,
    "Last-Modified",
    ETag,
    "Accept-Ranges",
    "Content-Length",
    "Content-Type"
)
7 headers
413 bytes in body
